
R version 4.0.5 (2021-03-31) -- "Shake and Throw"
Copyright (C) 2021 The R Foundation for Statistical Computing
Platform: x86_64-w64-mingw32/x64 (64-bit)

R özgür bir yazýlýmdýr ve KESÝNLÝKLE BÝR GARANTÝ VERMEZ.
Belli koþullar altýnda tekrar daðýtýmýna izin verilir.
Daðýtým detaylarý için 'license()' ya da 'licence()' girin.

R, bir çok insanýn katkýda bulunduðu ortak bir projedir
Daha fazla bilgi için 'contributors()' girin.
Yayýnlarda R veya R paketlerinden alýntý yapmak için 'citation()' girin.

Birkaç örnek için 'demo()', çevrimiçi yardým için 'help()' veya
HTML tarayýcýlý yardýmý açmak için 'help.start()' girin.
R'den çýkmak için 'q()' girin.

[Kaydedilen çalýþma alaný geri yüklendi]

> library(CMA)
Zorunlu paket yükleniyor: Biobase
Zorunlu paket yükleniyor: BiocGenerics
Zorunlu paket yükleniyor: parallel

Attaching package: ‘BiocGenerics’

The following objects are masked from ‘package:parallel’:

    clusterApply, clusterApplyLB, clusterCall, clusterEvalQ, clusterExport, clusterMap, parApply, parCapply, parLapply, parLapplyLB, parRapply,
    parSapply, parSapplyLB

The following objects are masked from ‘package:stats’:

    IQR, mad, sd, var, xtabs

The following objects are masked from ‘package:base’:

    anyDuplicated, append, as.data.frame, basename, cbind, colnames, dirname, do.call, duplicated, eval, evalq, Filter, Find, get, grep, grepl,
    intersect, is.unsorted, lapply, Map, mapply, match, mget, order, paste, pmax, pmax.int, pmin, pmin.int, Position, rank, rbind, Reduce, rownames,
    sapply, setdiff, sort, table, tapply, union, unique, unsplit, which.max, which.min

Welcome to Bioconductor

    Vignettes contain introductory material; view with 'browseVignettes()'. To cite Bioconductor, see 'citation("Biobase")', and for packages
    'citation("pkgname")'.

> library(expands)
Hata: package or namespace load failed for ‘expands’:
 .onLoad failed in loadNamespace() for 'commonsMath', details:
  call: .jinit(parameters = parameters)
  error: Unable to create a Java class loader.
> library(expands)
ERROR: Java exception occurred during rJava bootstrap - see stderr for Java stack trace.
ERROR: Java exception occurred during rJava bootstrap - see stderr for Java stack trace.
ERROR: Java exception occurred during rJava bootstrap - see stderr for Java stack trace.
ERROR: Java exception occurred during rJava bootstrap - see stderr for Java stack trace.
> library(expands)
> data(snv)
> y<-snv[,7]
> x<-snv[,-7]
> library(randomForest)
randomForest 4.6-14
Type rfNews() to see new features/changes/bug fixes.

Attaching package: ‘randomForest’

The following object is masked from ‘package:Biobase’:

    combine

The following object is masked from ‘package:BiocGenerics’:

    combine

> rf<-randomForest(x,y)
Warning message:
In randomForest.default(x, y) :
  The response has five or fewer unique values.  Are you sure you want to do regression?
> show(rf)

Call:
 randomForest(x = x, y = y) 
               Type of random forest: regression
                     Number of trees: 500
No. of variables tried at each split: 2

          Mean of squared residuals: 0.006872456
                    % Var explained: 97.05
> predict(rf)
  [1]  3.088235e-02  8.678227e-01  1.374517e-02  2.109005e-02  8.406008e-01  9.253927e-01  7.176166e-02  2.465278e-02  2.686170e-02  1.079279e-01  1.534286e-01
 [12]  1.477111e-02  2.011173e-02  1.736111e-03  1.117318e-03  1.222826e-02  1.482691e-02 -1.665335e-15 -1.332268e-15  1.004016e-02 -1.165734e-15  3.278689e-03
 [23] -1.831868e-15  5.676644e-03  5.789474e-03 -1.998401e-15  1.273408e-02  9.702703e-02 -1.720846e-15  5.924171e-03 -1.776357e-15 -1.387779e-15 -1.998401e-15
 [34]  3.260870e-03  1.204819e-02  1.926782e-03 -1.387779e-15  1.255708e-02 -1.998401e-15  5.230525e-03 -1.387779e-15  5.524862e-03  3.048780e-03  9.904274e-01
 [45]  9.885815e-01  9.846829e-01  9.931694e-01  9.879642e-01  9.686877e-01  9.828947e-01  8.679083e-01  9.832474e-01  8.479748e-01  8.096278e-01  9.959547e-01
 [56]  9.929412e-01  9.866667e-01  9.041459e-01  9.825967e-01 -1.831868e-15 -1.887379e-15  1.459510e-02 -1.998401e-15  3.314394e-03  5.617978e-03  5.917160e-03
 [67]  9.286630e-01  5.539216e-02  9.180976e-01  1.844920e-02  5.847953e-03 -1.554312e-15  5.494505e-04  5.750000e-03  1.125000e-02 -1.554312e-15  1.135940e-02
 [78]  9.490341e-01  9.724462e-01  9.033915e-01  9.737569e-01  9.396869e-01  9.885204e-01  9.814286e-01  9.814815e-01  6.443299e-03  1.986434e-02  7.448790e-03
 [89]  1.058824e-02  9.815838e-02  9.560440e-02  1.891892e-02 -1.498801e-15 -1.831868e-15  9.389671e-03  1.347305e-02 -1.665335e-15  5.434783e-03  6.250000e-04
[100]  3.475936e-03  5.056180e-03 -1.998401e-15  3.952343e-03 -1.276756e-15  1.058201e-02  2.091667e-02  1.587302e-02 -1.332268e-15 -1.443290e-15  3.915848e-03
[111]  7.653061e-03  2.865169e-02  8.345199e-03  9.700176e-03 -1.165734e-15  1.557239e-02  5.772006e-03  3.030303e-02  2.115752e-02  3.688646e-02  9.669714e-01
[122]  9.747629e-01  1.388237e-01  9.950568e-01  9.632047e-01  9.840653e-01  9.884384e-01  9.995812e-01  9.871795e-01  9.752402e-01  9.875269e-01  1.851521e-01
[133]  9.972239e-01  1.000000e+00  1.000000e+00  9.930168e-01  9.275709e-01  9.657962e-01  5.681818e-03  5.434783e-03  1.086957e-02  1.168421e-01  1.104418e-02
[144]  1.587792e-01  2.182709e-01 -1.998401e-15  8.241758e-03  2.280612e-01  8.125887e-01  1.909548e-01  2.127660e-03 -1.443290e-15 -1.887379e-15  1.373626e-03
[155]  1.056466e-02  8.746115e-01  2.124436e-02  7.037298e-04  8.547748e-01  1.441441e-02  7.296849e-03  1.924399e-02  8.667549e-01  8.883249e-01  2.359438e-01
[166]  5.924171e-03  6.226054e-03  2.762431e-03  3.524590e-02  2.973054e-01  9.366472e-01  6.936937e-02  7.513661e-01  1.763668e-03  7.885305e-03  9.198129e-01
[177]  8.635579e-03  2.000000e-02  1.283422e-02  8.527228e-01  7.255793e-01  1.989871e-01  3.096491e-02  8.052810e-01  4.032258e-03  4.237288e-03  1.488673e-02
[188]  3.187614e-02  6.745984e-01  8.771930e-03  2.822736e-02  1.839080e-02  2.294007e-02  1.681784e-02  3.000000e-03  8.980392e-02  1.661255e-01  1.460674e-02
[199]  4.601064e-02  1.639360e-01  7.708754e-01  7.914912e-01  2.705628e-03  2.164502e-03  9.354523e-01  3.148148e-02  9.339779e-01  4.968944e-02  9.276749e-01
[210]  9.192652e-01  8.605072e-03  1.069519e-02  2.139037e-02  5.847953e-03  1.794949e-01 -1.998401e-15 -1.554312e-15  1.630435e-02 -1.720846e-15 -1.498801e-15
[221]  1.234568e-02 -1.776357e-15 -1.665335e-15  2.538071e-03 -1.776357e-15 -9.992007e-16  1.282051e-02  5.813953e-03  1.606114e-02 -1.054712e-15  1.047120e-02
[232]  4.891304e-03  1.276042e-02  9.852217e-03  7.812500e-03  9.142857e-03  5.208333e-03 -1.276756e-15  1.269036e-02  9.615385e-03 -1.720846e-15 -1.554312e-15
[243]  1.453488e-03 -1.831868e-15  1.190476e-03  9.057971e-04  6.349206e-03  2.520175e-01 -1.443290e-15  5.649296e-03 -1.665335e-15  1.192810e-02  1.403061e-02
[254]  8.774194e-01 -1.554312e-15  1.420765e-02  9.378571e-01  9.293269e-01  9.306122e-01  2.951807e-02  5.841121e-03  5.291005e-03  5.714286e-03 -1.387779e-15
[265] -2.109424e-15 -1.498801e-15 -1.887379e-15 -1.498801e-15  5.376344e-03  1.020408e-03  5.464481e-03  8.045977e-03 -1.221245e-15 -1.998401e-15  3.516271e-03
[276]  3.915848e-03 -1.554312e-15 -1.720846e-15  5.181347e-04  5.681818e-03  1.101812e-02  4.162162e-02  9.652542e-01  1.033868e-02 -1.998401e-15  5.649718e-03
[287] -1.720846e-15 -1.387779e-15 -1.665335e-15 -1.332268e-15 -1.942890e-15  1.241135e-02  5.050505e-03  5.181347e-03  1.554404e-02  1.322751e-03 -2.109424e-15
[298]  8.505974e-01  9.796882e-01  9.926036e-01  7.734684e-01  9.665751e-01  9.946524e-01  8.165825e-01  9.914508e-01  1.539855e-02  1.216216e-02  1.744186e-02
[309]  9.090818e-01  9.549550e-03  7.960199e-03 -1.887379e-15  1.142857e-02  1.010101e-03 -1.998401e-15  8.426966e-03 -1.443290e-15  4.710145e-03  5.291005e-03
[320]  5.555556e-03  8.427140e-01  9.210526e-02  1.199203e-01 -1.609823e-15  1.212993e-02  4.670330e-03  1.960784e-03  7.278704e-01  2.732240e-02  6.903553e-02
[331] -1.054712e-15  5.347594e-03  1.422764e-02  1.149425e-02  5.524862e-03 -1.498801e-15  1.041667e-02  1.522843e-02  5.434783e-03  4.975124e-03  1.147959e-02
[342]  3.663004e-03  1.884422e-02  9.887006e-02  8.677778e-01  9.485166e-01  8.739411e-01  9.988439e-01  9.995930e-01  9.990116e-01  9.640957e-01  9.781624e-01
[353]  9.183325e-01  9.897619e-01  9.349206e-01  2.368421e-01  4.054054e-02  9.606884e-01  9.781771e-01  9.636598e-01  9.720670e-01  9.913069e-01  9.847295e-01
[364]  1.621380e-01  9.708333e-01  9.372659e-01  9.456596e-01  2.086919e-01  9.785056e-01  9.843137e-01  9.781703e-01  9.728119e-01  9.655833e-01  9.764562e-01
[375]  9.589524e-01  9.463248e-01  2.374302e-02  2.400691e-01  9.066850e-01  9.872405e-01  9.858947e-01  9.576531e-01  5.934343e-02  9.706349e-01  9.808673e-01
[386]  9.397222e-01  4.230118e-03  9.478441e-01  9.798759e-01  2.488946e-01  9.130471e-01  1.730570e-01  5.600000e-02  8.855330e-01  2.053672e-01  9.250887e-01
[397]  9.608772e-01  9.145399e-01  1.138889e-02  9.134286e-01  1.750505e-01  1.406513e-01  1.661017e-01  9.629094e-01  9.788945e-01  9.921123e-01  9.912234e-01
[408]  9.855870e-01  9.765714e-01  1.426025e-02  3.435374e-02  9.598958e-01  9.394636e-01  8.783985e-01  2.863636e-01  9.735955e-01  9.635472e-01  9.658559e-01
[419]  9.060158e-01  9.199346e-01  9.757407e-01  9.268939e-01  9.334184e-01  8.773674e-01  1.512681e-02  8.188057e-01  4.664751e-02  1.320922e-02  3.983957e-02
[430]  1.743197e-02  1.532258e-02  1.169591e-02  8.720930e-03 -1.498801e-15  5.747126e-03  4.799302e-03  1.647543e-02  5.376344e-03 -1.831868e-15  3.633721e-02
[441]  8.571429e-03  5.023923e-03  3.831418e-03  3.603604e-03  6.274510e-03  5.459770e-03 -1.554312e-15  4.285714e-03  3.804348e-02  3.811966e-02  1.544944e-02
[452]  1.329787e-02  1.840659e-02  3.897849e-02  6.127451e-03  1.790123e-02  6.720430e-03  1.075952e-02  1.450080e-02  1.360580e-02  1.948266e-02  1.785714e-02
[463]  2.228261e-02  4.411765e-02  1.190476e-02  2.048780e-02  9.908925e-01  9.840278e-01  8.890476e-01  9.594982e-01  2.735043e-02  9.786585e-01  8.959016e-01
[474]  9.889503e-01  9.351254e-01  1.538462e-02  9.006446e-01  8.083770e-01  1.207519e-02  1.657848e-02  7.130125e-03  1.473684e-02  1.379310e-02  3.086420e-03
[485]  1.381215e-02 -1.998401e-15  8.710560e-01  2.395341e-02  7.246377e-03  1.548759e-01  1.412429e-03  6.410256e-03 -1.720846e-15 -1.609823e-15 -1.887379e-15
[496] -1.887379e-15  1.621622e-02  3.631285e-03  1.063830e-02 -1.887379e-15  6.936416e-03  8.333333e-03  5.649296e-03 -1.720846e-15 -1.776357e-15 -1.998401e-15
[507] -1.998401e-15  1.190476e-03  5.464481e-03  2.116402e-02  8.628128e-03  3.222836e-03  2.500000e-03 -1.554312e-15  1.807910e-02  1.704545e-02  5.555556e-03
[518]  1.649629e-02  8.387701e-01  1.741573e-02  4.417671e-03  8.108108e-03  6.375228e-03  1.724710e-02 -1.831868e-15 -1.387779e-15 -1.332268e-15  1.202322e-02
[529]  3.350084e-03  6.884058e-03  1.396648e-03  1.190476e-03  5.181347e-03  2.492714e-01  1.460481e-02 -1.998401e-15  8.376963e-03  1.081081e-03 -1.887379e-15
[540]  1.080247e-02  8.424097e-01  8.627619e-01  2.675000e-02 -1.998401e-15  8.720930e-03 -1.776357e-15 -1.998401e-15  2.354167e-01  5.952381e-03 -1.998401e-15
[551]  8.912656e-03  7.828581e-03 -1.665335e-15 -1.998401e-15  2.034884e-02  1.420118e-02  9.151515e-01  9.115354e-01  8.912656e-01  2.655367e-02  1.302083e-02
[562]  1.980198e-03  5.917160e-03  8.378472e-01 -1.998401e-15  1.400818e-02  4.610136e-02  1.268116e-02  4.310345e-03  1.262626e-02  2.380952e-02  1.261261e-02
[573]  1.308901e-03 -1.443290e-15  7.587918e-03  5.181347e-03  2.008032e-03  9.239130e-03  2.011494e-03  1.428571e-03 -1.887379e-15  8.290323e-01  2.710843e-02
[584]  6.783719e-03  1.590346e-01  2.286841e-01  1.847826e-02  2.461874e-02  1.374570e-02  2.985075e-03  8.627965e-01  3.848168e-02  2.513966e-02  8.594847e-01
[595]  9.206044e-01  9.424183e-01  1.123596e-02  9.464272e-01  9.529590e-01  1.291667e-01  9.457542e-01  9.579407e-01  8.090278e-01  1.040780e-01  1.410232e-01
[606]  1.427083e-01  8.573459e-01  8.092647e-01  1.799765e-01  1.267992e-01  9.154253e-01  9.616595e-01  9.588596e-01  2.769076e-01  1.146574e-01  9.735232e-01
[617]  9.859649e-01  9.609477e-01  1.313264e-01  9.756906e-01  9.918919e-01  9.989247e-01  9.989130e-01  9.963768e-01  9.894340e-01  9.989533e-01  9.906944e-01
[628]  9.708212e-01  9.843651e-01  2.784091e-01  1.000000e+00  9.970747e-01  9.947086e-01  9.912060e-01  9.973597e-01  9.924841e-01  9.946524e-01  9.989372e-01
[639]  9.924762e-01  9.942498e-01  9.990789e-01  9.986190e-01  9.475604e-01  9.220436e-01  2.402235e-01  9.181328e-01  9.909024e-01  9.919175e-01  9.934959e-01
[650]  9.863993e-01  9.524774e-01  2.278752e-01  8.883398e-01  9.986631e-01  9.852054e-01  9.825581e-01  9.710674e-01  9.602273e-01  1.886061e-01  2.207151e-01
[661]  8.781839e-01  9.692828e-01  9.728571e-01  1.784965e-01  9.997166e-01  9.938153e-01  9.855588e-01  9.988614e-01  1.000000e+00  9.943182e-01  9.869523e-01
[672]  9.941152e-01  9.991803e-01  9.931034e-01  9.933687e-01  1.000000e+00  9.756824e-01  9.981785e-01  9.926316e-01  1.000000e+00  9.935334e-01  9.906108e-01
[683]  1.000000e+00  9.958763e-01  9.875873e-01  9.660973e-01  9.903664e-01  9.534963e-01  3.039271e-01  9.611664e-01  1.626068e-01  9.913112e-01  9.774194e-01
[694]  9.990406e-01  9.934211e-01  9.969569e-01  1.000000e+00  9.949749e-01  9.960493e-01  9.978642e-01  1.000000e+00  2.127451e-02  1.052632e-02  1.069519e-03
[705]  1.446701e-02  1.234568e-02  8.970960e-01 -1.776357e-15  1.541667e-02  4.166667e-03  2.189542e-02  1.104972e-02  6.382979e-03  1.134021e-02  5.376344e-03
[716]  1.932367e-03  5.291005e-03  1.357388e-02  8.791209e-03  5.882353e-03  2.857143e-03  1.229050e-02  6.760173e-02  9.050562e-01  9.116959e-01  9.653556e-01
[727]  9.350450e-01  7.379768e-02  9.061453e-01  9.521560e-01  1.054614e-01  9.930556e-01  9.222249e-01  9.898477e-01  9.922027e-01  7.125076e-02  9.776423e-01
[738]  9.891304e-01  9.952880e-01  9.926829e-01  9.857895e-01  9.927951e-01  9.390873e-01  9.868001e-01  3.239585e-01  9.909481e-01  9.893939e-01  9.666746e-01
[749]  9.746114e-01  9.831632e-01  8.953216e-01  1.474528e-01  2.111429e-01  9.619048e-01  9.765363e-01  9.786458e-01  8.824357e-01  9.270147e-01  8.292971e-01
[760]  8.665775e-01  1.013965e-01  7.508772e-02  7.896373e-01  5.925926e-02  1.442495e-01  3.139535e-02  3.809524e-02  8.555789e-02  7.742497e-01  9.910714e-02
[771]  8.406382e-01  1.249800e-01  8.117739e-01
> plot(rf,main="Random Forest")
> plot(predict(rf))
> plot(predict(rf),y)
